$ git init
Initialized empty Git repository in C:/Users/kwmob/OneDrive/Desktop/git_challenge/.git/

$ touch hello_world.txt

$ echo "Hello, world!" > hello_world.txt

$ git add .
warning: in the working copy of 'hello_world.txt', LF will be replaced by CRLF the next time Git touches it

$ git commit -m "hello_world.txtを追加"
[main (root-commit) fd73448] hello_world.txtを追加
 1 file changed, 1 insertion(+)
 create mode 100644 hello_world.txt

$ echo "こんにちわ、世界！" > hello_world.txt

$ echo "Hello, world!" > hello_world.txt

$ echo "こんにちわ、世界！" >> hello_world.txt

$ git add .
warning: in the working copy of 'hello_world.txt', LF will be replaced by CRLF the next time Git touches it

$ git commit -m "日本語訳を追記"
[main 4697a6e] 日本語訳を追記
 1 file changed, 1 insertion(+)

$ git log --oneline
4697a6e (HEAD -> main) 日本語訳を追記
fd73448 hello_world.txtを追加